src/controllers/admissionsController.ts(73,13): error TS2339: Property 'files' does not exist on type 'Request<ParamsDictionary, any, any, ParsedQs, Record<string, any>>'.
src/controllers/admissionsController.ts(73,40): error TS2339: Property 'files' does not exist on type 'Request<ParamsDictionary, any, any, ParsedQs, Record<string, any>>'.
src/controllers/admissionsController.ts(74,36): error TS2339: Property 'files' does not exist on type 'Request<ParamsDictionary, any, any, ParsedQs, Record<string, any>>'.
src/controllers/studentsController.ts(70,14): error TS2339: Property 'file' does not exist on type 'Request<ParamsDictionary, any, any, ParsedQs, Record<string, any>>'.
src/controllers/studentsController.ts(72,47): error TS2339: Property 'file' does not exist on type 'Request<ParamsDictionary, any, any, ParsedQs, Record<string, any>>'.
src/controllers/studentsController.ts(179,14): error TS2339: Property 'file' does not exist on type 'Request<ParamsDictionary, any, any, ParsedQs, Record<string, any>>'.
src/controllers/studentsController.ts(190,14): error TS2339: Property 'file' does not exist on type 'Request<ParamsDictionary, any, any, ParsedQs, Record<string, any>>'.
src/controllers/studentsController.ts(194,35): error TS2339: Property 'file' does not exist on type 'Request<ParamsDictionary, any, any, ParsedQs, Record<string, any>>'.
src/controllers/studentsController.ts(233,14): error TS2339: Property 'files' does not exist on type 'Request<ParamsDictionary, any, any, ParsedQs, Record<string, any>>'.
src/controllers/studentsController.ts(233,28): error TS2339: Property 'files' does not exist on type 'Request<ParamsDictionary, any, any, ParsedQs, Record<string, any>>'.
src/controllers/studentsController.ts(237,23): error TS2339: Property 'files' does not exist on type 'Request<ParamsDictionary, any, any, ParsedQs, Record<string, any>>'.
src/middleware/validate.ts(3,10): error TS2724: '"zod"' has no exported member named 'AnyZodObject'. Did you mean 'ZodObject'?
src/middleware/validate.ts(19,25): error TS2339: Property 'errors' does not exist on type 'ZodError<unknown>'.
src/middleware/validate.ts(19,36): error TS7006: Parameter 'e' implicitly has an 'any' type.
src/routes/students.ts(14,20): error TS2307: Cannot find module 'multer' or its corresponding type declarations.
src/utils/cloudinaryUploader.ts(1,34): error TS2307: Cannot find module 'cloudinary' or its corresponding type declarations.
src/utils/cloudinaryUploader.ts(2,35): error TS2307: Cannot find module 'multer-storage-cloudinary' or its corresponding type declarations.
src/utils/cloudinaryUploader.ts(3,20): error TS2307: Cannot find module 'multer' or its corresponding type declarations.
src/utils/cloudinaryUploader.ts(51,19): error TS7006: Parameter 'req' implicitly has an 'any' type.
src/utils/cloudinaryUploader.ts(51,24): error TS7006: Parameter 'file' implicitly has an 'any' type.
src/utils/cloudinaryUploader.ts(51,30): error TS7006: Parameter 'cb' implicitly has an 'any' type.
src/utils/cloudinaryUploader.ts(52,16): error TS7006: Parameter 'req' implicitly has an 'any' type.
src/utils/cloudinaryUploader.ts(52,21): error TS7006: Parameter 'file' implicitly has an 'any' type.
src/utils/cloudinaryUploader.ts(52,27): error TS7006: Parameter 'cb' implicitly has an 'any' type.
src/utils/csvImporter.ts(3,17): error TS2307: Cannot find module 'csv-parser' or its corresponding type declarations.
src/utils/csvImporter.ts(14,20): error TS7006: Parameter 'data' implicitly has an 'any' type.
src/utils/csvImporter.ts(20,21): error TS7006: Parameter 'error' implicitly has an 'any' type.
